// Jest Snapshot v1, https://goo.gl/fbAQLP

exports[`Pruebas en FirstApp.jsx Debe hacer match con el snapshot  1`] = `
<div>
  <h1
    data-testid="test-title"
  >
    Titulo Default
  </h1>
  <p>
    Hola mundo
  </p>
</div>
`;
